exports[`test NotificationIcon 1`] = `
<span
  styleName="icon" />
`;
